C:\PACC\SourceSafe\PectIDE\source\SEI.Perf-RF\src\edu\cmu\sei\pacc\perf\actions\AnalysisAction.java
C:\PACC\SourceSafe\PectIDE\source\SEI.Perf-RF\src\edu\cmu\sei\pacc\perf\actions\CustomJobWork.java
C:\PACC\SourceSafe\PectIDE\source\SEI.Perf-RF\src\edu\cmu\sei\pacc\perf\actions\ExtendHelper.java
C:\PACC\SourceSafe\PectIDE\source\SEI.Perf-RF\src\edu\cmu\sei\pacc\perf\actions\InterpretationAction.java
C:\PACC\SourceSafe\PectIDE\source\SEI.Perf-RF\src\edu\cmu\sei\pacc\perf\actions\RunExternalToolAction.java
C:\PACC\SourceSafe\PectIDE\source\SEI.Perf-RF\src\edu\cmu\sei\pacc\perf\Interpretation.java
C:\PACC\SourceSafe\PectIDE\source\SEI.Perf-RF\src\edu\cmu\sei\pacc\perf\InterpretationAstVisitor.java
C:\PACC\SourceSafe\PectIDE\source\SEI.Perf-RF\src\edu\cmu\sei\pacc\perf\PerformanceRFPlugin.java
C:\PACC\SourceSafe\PectIDE\source\SEI.Perf-RF\src\edu\cmu\sei\pacc\perf\ui\dialogs\PerformanceAnalysisResultsDialog.java
C:\PACC\SourceSafe\PectIDE\source\SEI.Perf-RF\src\edu\cmu\sei\pacc\perf\ui\dialogs\PredictorSelectionDialog.java
C:\PACC\SourceSafe\PectIDE\source\SEI.Perf-RF\src\edu\cmu\sei\pacc\perf\vo\AperiodicComponent.java
C:\PACC\SourceSafe\PectIDE\source\SEI.Perf-RF\src\edu\cmu\sei\pacc\perf\vo\AperiodicTask.java
C:\PACC\SourceSafe\PectIDE\source\SEI.Perf-RF\src\edu\cmu\sei\pacc\perf\vo\AssemblyInstance.java
C:\PACC\SourceSafe\PectIDE\source\SEI.Perf-RF\src\edu\cmu\sei\pacc\perf\vo\DistClock.java
C:\PACC\SourceSafe\PectIDE\source\SEI.Perf-RF\src\edu\cmu\sei\pacc\perf\vo\DistributionType.java
C:\PACC\SourceSafe\PectIDE\source\SEI.Perf-RF\src\edu\cmu\sei\pacc\perf\vo\ElementInstance.java
C:\PACC\SourceSafe\PectIDE\source\SEI.Perf-RF\src\edu\cmu\sei\pacc\perf\vo\impl\AperiodicComponentImpl.java
C:\PACC\SourceSafe\PectIDE\source\SEI.Perf-RF\src\edu\cmu\sei\pacc\perf\vo\impl\AperiodicTaskImpl.java
C:\PACC\SourceSafe\PectIDE\source\SEI.Perf-RF\src\edu\cmu\sei\pacc\perf\vo\impl\AssemblyInstanceImpl.java
C:\PACC\SourceSafe\PectIDE\source\SEI.Perf-RF\src\edu\cmu\sei\pacc\perf\vo\impl\DistClockImpl.java
C:\PACC\SourceSafe\PectIDE\source\SEI.Perf-RF\src\edu\cmu\sei\pacc\perf\vo\impl\ElementInstanceImpl.java
C:\PACC\SourceSafe\PectIDE\source\SEI.Perf-RF\src\edu\cmu\sei\pacc\perf\vo\impl\PeriodicComponentImpl.java
C:\PACC\SourceSafe\PectIDE\source\SEI.Perf-RF\src\edu\cmu\sei\pacc\perf\vo\impl\PeriodicTaskImpl.java
C:\PACC\SourceSafe\PectIDE\source\SEI.Perf-RF\src\edu\cmu\sei\pacc\perf\vo\impl\PinInstanceImpl.java
C:\PACC\SourceSafe\PectIDE\source\SEI.Perf-RF\src\edu\cmu\sei\pacc\perf\vo\impl\SimpleClockImpl.java
C:\PACC\SourceSafe\PectIDE\source\SEI.Perf-RF\src\edu\cmu\sei\pacc\perf\vo\impl\SinkPinInstanceImpl.java
C:\PACC\SourceSafe\PectIDE\source\SEI.Perf-RF\src\edu\cmu\sei\pacc\perf\vo\impl\SourcePinInstanceImpl.java
C:\PACC\SourceSafe\PectIDE\source\SEI.Perf-RF\src\edu\cmu\sei\pacc\perf\vo\impl\SubtaskImpl.java
C:\PACC\SourceSafe\PectIDE\source\SEI.Perf-RF\src\edu\cmu\sei\pacc\perf\vo\impl\TaskImpl.java
C:\PACC\SourceSafe\PectIDE\source\SEI.Perf-RF\src\edu\cmu\sei\pacc\perf\vo\impl\VoFactoryImpl.java
C:\PACC\SourceSafe\PectIDE\source\SEI.Perf-RF\src\edu\cmu\sei\pacc\perf\vo\impl\VoPackageImpl.java
C:\PACC\SourceSafe\PectIDE\source\SEI.Perf-RF\src\edu\cmu\sei\pacc\perf\vo\PeriodicComponent.java
C:\PACC\SourceSafe\PectIDE\source\SEI.Perf-RF\src\edu\cmu\sei\pacc\perf\vo\PeriodicTask.java
C:\PACC\SourceSafe\PectIDE\source\SEI.Perf-RF\src\edu\cmu\sei\pacc\perf\vo\PinInstance.java
C:\PACC\SourceSafe\PectIDE\source\SEI.Perf-RF\src\edu\cmu\sei\pacc\perf\vo\SimpleClock.java
C:\PACC\SourceSafe\PectIDE\source\SEI.Perf-RF\src\edu\cmu\sei\pacc\perf\vo\SinkPinInstance.java
C:\PACC\SourceSafe\PectIDE\source\SEI.Perf-RF\src\edu\cmu\sei\pacc\perf\vo\SourcePinInstance.java
C:\PACC\SourceSafe\PectIDE\source\SEI.Perf-RF\src\edu\cmu\sei\pacc\perf\vo\Subtask.java
C:\PACC\SourceSafe\PectIDE\source\SEI.Perf-RF\src\edu\cmu\sei\pacc\perf\vo\Task.java
C:\PACC\SourceSafe\PectIDE\source\SEI.Perf-RF\src\edu\cmu\sei\pacc\perf\vo\util\VoAdapterFactory.java
C:\PACC\SourceSafe\PectIDE\source\SEI.Perf-RF\src\edu\cmu\sei\pacc\perf\vo\util\VoSwitch.java
C:\PACC\SourceSafe\PectIDE\source\SEI.Perf-RF\src\edu\cmu\sei\pacc\perf\vo\VoFactory.java
C:\PACC\SourceSafe\PectIDE\source\SEI.Perf-RF\src\edu\cmu\sei\pacc\perf\vo\VoPackage.java
C:\PACC\SourceSafe\PectIDE\source\SEI.Perf-RF\src\edu\cmu\sei\pacc\perfaspects\EnforcementPerf.aj
